Microchip MPLAB XC8 Compiler V2.05 ()

Linker command line:

-W-3 --edf=C:\Program Files\Microchip\xc8\v2.05\pic\dat\en_msgs.txt -cs \
  -h+dist/default/production\project.X.production.sym \
  --cmf=dist/default/production\project.X.production.cmf -z -Q16F628A \
  -oC:\Users\USER~1.USE\AppData\Local\Temp\s2oc.2 --defsym=__MPLAB_BUILD=1 \
  -Mdist/default/production/project.X.production.map -E1 -ver=XC8 \
  --acfsm=1493 -ASTACK=0A0h-0EFh -pstack=STACK -ACODE=00h-07FFh \
  -ASTRCODE=00h-07FFh -ASTRING=00h-0FFhx8 -ACONST=00h-0FFhx8 \
  -AENTRY=00h-0FFhx8 -ACOMMON=070h-07Fh -ABANK0=020h-06Fh -ABANK1=0A0h-0EFh \
  -ABANK2=0120h-014Fh -ARAM=020h-06Fh,0A0h-0EFh,0120h-014Fh \
  -AABS1=020h-07Fh,0A0h-0EFh,0120h-014Fh -ASFR0=00h-01Fh -ASFR1=080h-09Fh \
  -ASFR2=0100h-011Fh -ASFR3=0180h-01EFh \
  -preset_vec=00h,intentry=04h,init,end_init -ppowerup=CODE -pcinit=CODE \
  -pfunctab=ENTRY -ACONFIG=02007h-02007h -pconfig=CONFIG -DCONFIG=2 \
  -AIDLOC=02000h-02003h -pidloc=IDLOC -DIDLOC=2 -AEEDATA=00h-07Fh/02100h \
  -peeprom_data=EEDATA -DEEDATA=2 -DCODE=2 -DSTRCODE=2 -DSTRING=2 -DCONST=2 \
  -DENTRY=2 -k C:\Users\USER~1.USE\AppData\Local\Temp\s2oc.o \
  dist/default/production\project.X.production.o 

Object code version is 3.11

Machine type is 16F628A



                Name                               Link     Load   Length Selector   Space Scale
C:\Users\USER~1.USE\AppData\Local\Temp\s2oc.o
                end_init                             10       10        1        8       0
                reset_vec                             0        0        1        0       0
                config                             2007     2007        1     400E       0
dist/default/production\project.X.production.o
                cinit                                11       11       10        8       0
                intentry                              4        4        C        8       0
                text27                              130      130       4B        8       0
                text26                              17B      17B       4A        8       0
                text25                              318      318        C      5F8       0
                text24                              341      341        2      5F8       0
                text23                              1C5      1C5       35        8       0
                text22                              33F      33F        2      5F8       0
                text21                               D7       D7       59        8       0
                text20                               7C       7C       5B        8       0
                text19                              33D      33D        2      5F8       0
                text18                              346      346        1      5F8       0
                text17                              345      345        1      5F8       0
                text16                              2FC      2FC       10      5F8       0
                text15                              2A1      2A1       14        8       0
                text14                              2C8      2C8       13        8       0
                text13                              1FA      1FA       1F        8       0
                text12                              255      255       1B        8       0
                text11                              30C      30C        C      5F8       0
                text10                               21       21       5B        8       0
                text9                               237      237       1E        8       0
                text8                               219      219       1E        8       0
                text7                               2DB      2DB       11        8       0
                text6                               339      339        4      5F8       0
                text5                               270      270       19        8       0
                text4                               334      334        5      5F8       0
                text3                               289      289       18        8       0
                text2                               324      324        B      5F8       0
                text1                               32F      32F        5      5F8       0
                maintext                            2B5      2B5       13        8       0
                cstackBANK0                          20       20        C       20       1
                cstackCOMMON                         70       70        C       70       1
                dataBANK0                            35       35        1       20       1
                bssBANK0                             2C       2C        9       20       1
                dataCOMMON                           7D       7D        1       70       1
                bssCOMMON                            7C       7C        1       70       1
                strings                             2EC      2EC       10      5D8       0
                idataBANK0                          344      344        1      5F8       0
                idataCOMMON                         343      343        1      5F8       0

TOTAL           Name                               Link     Load   Length     Space
        CLASS   STACK          

        CLASS   CODE           
                end_init                             10       10        1         0
                cinit                                11       11       10         0
                intentry                              4        4        C         0
                reset_vec                             0        0        1         0
                text27                              130      130       4B         0
                text26                              17B      17B       4A         0
                text25                              318      318        C         0
                text24                              341      341        2         0
                text23                              1C5      1C5       35         0
                text22                              33F      33F        2         0
                text21                               D7       D7       59         0
                text20                               7C       7C       5B         0
                text19                              33D      33D        2         0
                text18                              346      346        1         0
                text17                              345      345        1         0
                text16                              2FC      2FC       10         0
                text15                              2A1      2A1       14         0
                text14                              2C8      2C8       13         0
                text13                              1FA      1FA       1F         0
                text12                              255      255       1B         0
                text11                              30C      30C        C         0
                text10                               21       21       5B         0
                text9                               237      237       1E         0
                text8                               219      219       1E         0
                text7                               2DB      2DB       11         0
                text6                               339      339        4         0
                text5                               270      270       19         0
                text4                               334      334        5         0
                text3                               289      289       18         0
                text2                               324      324        B         0
                text1                               32F      32F        5         0
                maintext                            2B5      2B5       13         0
                idataBANK0                          344      344        1         0
                idataCOMMON                         343      343        1         0

        CLASS   STRCODE        

        CLASS   STRING         
                strings                             2EC      2EC       10         0

        CLASS   CONST          

        CLASS   ENTRY          

        CLASS   COMMON         
                cstackCOMMON                         70       70        C         1
                dataCOMMON                           7D       7D        1         1
                bssCOMMON                            7C       7C        1         1

        CLASS   BANK0          
                cstackBANK0                          20       20        C         1
                dataBANK0                            35       35        1         1
                bssBANK0                             2C       2C        9         1

        CLASS   BANK1          

        CLASS   BANK2          

        CLASS   RAM            

        CLASS   ABS1           
                abs_s1                               7E       7E        2         1

        CLASS   SFR0           

        CLASS   SFR1           

        CLASS   SFR2           

        CLASS   SFR3           

        CLASS   CONFIG         
                config                             2007     2007        1         0

        CLASS   IDLOC          

        CLASS   EEDATA         

        CLASS   BANK3          



SEGMENTS        Name                           Load    Length   Top    Selector   Space  Class     Delta

                reset_vec                      000000  000001  000001         0       0  CODE        2
                intentry                       000004  0002E8  0002EC         8       0  CODE        2
                cstackBANK0                    000020  000016  000036        20       1  BANK0       1
                cstackCOMMON                   000070  00000E  00007E        70       1  COMMON      1
                strings                        0002EC  000010  0002FC       5D8       0  STRING      2
                text16                         0002FC  00004B  000347       5F8       0  CODE        2
                config                         002007  000001  002008      400E       0  CONFIG      2


UNUSED ADDRESS RANGES

        Name                Unused          Largest block    Delta
        BANK0            0036-006F             3A           1
        BANK1            00A0-00EF             50           1
        BANK2            0120-014F             30           1
        CODE             0001-0003              3           2
                         0347-07FF            4B9
        CONST            0001-0003              3           2
                         0347-07FF            100
        EEDATA           2100-217F             80           2
        ENTRY            0001-0003              3           2
                         0347-07FF            100
        IDLOC            2000-2003              4           2
        RAM              0036-006F             3A           1
                         00A0-00EF             50
                         0120-014F             30
        SFR0             0000-001F             20           1
        SFR1             0080-009F             20           1
        SFR2             0100-011F             20           1
        SFR3             0180-01EF             70           1
        STACK            00A0-00EF             50           1
        STRCODE          0001-0003              3           2
                         0347-07FF            4B9
        STRING           0001-0003              3           2
                         0347-07FF            100

                                  Symbol Table

?___awdiv                            cstackCOMMON 0070
?___awmod                            cstackCOMMON 0070
SetTime_Button_Handler@KeyPressCount bssBANK0     0031
SetTime_Button_Handler@KeyPressed    bssBANK0     0030
SetTime_Delay@Limit_Lwr              cstackBANK0  0024
SetTime_Delay@Limit_Upr              cstackBANK0  0027
SetTime_Delay@temp                   cstackBANK0  0028
Seven_Seg_Display@Toggle_Seg         dataBANK0    0035
_CMCON                               (abs)        001F
_ComControl_Main                     text11       030C
_ComControl_Monitor_Time             text25       0318
_ComControl_OffTime                  text13       01FA
_ComControl_OnTime                   text12       0255
_Digits                              strings      02F2
_GIE                                 (abs)        005F
_Global_Delay                        bssBANK0     002C
_INTE                                (abs)        005C
_ISR                                 text15       02A1
_OPTION_REG                          (abs)        0081
_PORTA                               (abs)        0005
_PORTB                               (abs)        0006
_RA0                                 (abs)        0028
_RA1                                 (abs)        0029
_RA2                                 (abs)        002A
_RA3                                 (abs)        002B
_RA4                                 (abs)        002C
_RA7                                 (abs)        002F
_Segment_Handler                     bssBANK0     002E
_SetTimeHandler                      bssBANK0     0033
_SetTime_Button_Handler              text23       01C5
_SetTime_Delay                       text10       0021
_SetTime_For_Off                     text9        0237
_SetTime_For_On                      text8        0219
_SetTime_Init                        text5        0270
_SetTime_Main                        text7        02DB
_Seven_Seg_Disable                   text4        0334
_Seven_Seg_Display                   text20       007C
_Seven_Seg_Enable                    text6        0339
_Seven_Seg_Init                      text3        0289
_SysOs_Handle                        bssCOMMON    007C
_SysOs_Init                          text1        032F
_SysOs_Task_Eval                     text26       017B
_SysOs_Task_Exe                      text16       02FC
_SysOs_Tick_Counter                  dataCOMMON   007D
_System_Time_Shadow                  bssBANK0     0032
_T0IE                                (abs)        005D
_T0IF                                (abs)        005A
_T1CON                               (abs)        0010
_TMR0                                (abs)        0001
_TMR1H                               (abs)        000F
_TMR1IF                              (abs)        0060
_TMR1L                               (abs)        000E
_TRISA                               (abs)        0085
_TRISB                               (abs)        0086
_Timer0_Interrupt_Init               text2        0324
__CFG_BOREN$OFF                      (abs)        0000
__CFG_CP$ON                          (abs)        0000
__CFG_CPD$OFF                        (abs)        0000
__CFG_FOSC$INTOSCIO                  (abs)        0000
__CFG_LVP$OFF                        (abs)        0000
__CFG_MCLRE$ON                       (abs)        0000
__CFG_PWRTE$OFF                      (abs)        0000
__CFG_WDTE$OFF                       (abs)        0000
__Habs1                              abs1         0000
__Hbank0                             bank0        0000
__Hbank1                             bank1        0000
__Hbank2                             bank2        0000
__Hbank3                             bank3        0000
__HbssBANK0                          bssBANK0     0000
__HbssCOMMON                         bssCOMMON    0000
__Hcinit                             cinit        0021
__Hclrtext                           clrtext      0000
__Hcode                              code         0000
__Hcommon                            common       0000
__Hconfig                            config       2008
__HcstackBANK0                       cstackBANK0  0000
__HcstackCOMMON                      cstackCOMMON 0000
__HdataBANK0                         dataBANK0    0000
__HdataCOMMON                        dataCOMMON   0000
__Heeprom_data                       eeprom_data  0000
__Hend_init                          end_init     0011
__Hfunctab                           functab      0000
__HidataBANK0                        idataBANK0   0000
__HidataCOMMON                       idataCOMMON  0000
__Hidloc                             idloc        0000
__Hinit                              init         0010
__Hintentry                          intentry     0010
__Hmaintext                          maintext     0000
__Hpowerup                           powerup      0000
__Hram                               ram          0000
__Hreset_vec                         reset_vec    0001
__Hsfr0                              sfr0         0000
__Hsfr1                              sfr1         0000
__Hsfr2                              sfr2         0000
__Hsfr3                              sfr3         0000
__Hspace_0                           (abs)        2008
__Hspace_1                           (abs)        007E
__Hspace_2                           (abs)        0000
__Hspace_3                           (abs)        0000
__Hstack                             stack        0000
__Hstrings                           strings      0000
__Htext                              text         0000
__Labs1                              abs1         0000
__Lbank0                             bank0        0000
__Lbank1                             bank1        0000
__Lbank2                             bank2        0000
__Lbank3                             bank3        0000
__LbssBANK0                          bssBANK0     0000
__LbssCOMMON                         bssCOMMON    0000
__Lcinit                             cinit        0011
__Lclrtext                           clrtext      0000
__Lcode                              code         0000
__Lcommon                            common       0000
__Lconfig                            config       2007
__LcstackBANK0                       cstackBANK0  0000
__LcstackCOMMON                      cstackCOMMON 0000
__LdataBANK0                         dataBANK0    0000
__LdataCOMMON                        dataCOMMON   0000
__Leeprom_data                       eeprom_data  0000
__Lend_init                          end_init     0010
__Lfunctab                           functab      0000
__LidataBANK0                        idataBANK0   0000
__LidataCOMMON                       idataCOMMON  0000
__Lidloc                             idloc        0000
__Linit                              init         0010
__Lintentry                          intentry     0004
__Lmaintext                          maintext     0000
__Lpowerup                           powerup      0000
__Lram                               ram          0000
__Lreset_vec                         reset_vec    0000
__Lsfr0                              sfr0         0000
__Lsfr1                              sfr1         0000
__Lsfr2                              sfr2         0000
__Lsfr3                              sfr3         0000
__Lspace_0                           (abs)        0000
__Lspace_1                           (abs)        0000
__Lspace_2                           (abs)        0000
__Lspace_3                           (abs)        0000
__Lstack                             stack        0000
__Lstrings                           strings      0000
__Ltext                              text         0000
__S0                                 (abs)        2008
__S1                                 (abs)        007E
__S2                                 (abs)        0000
__S3                                 (abs)        0000
___awdiv                             text21       00D7
___awdiv@counter                     cstackCOMMON 0075
___awdiv@dividend                    cstackCOMMON 0072
___awdiv@divisor                     cstackCOMMON 0070
___awdiv@quotient                    cstackCOMMON 0077
___awdiv@sign                        cstackCOMMON 0076
___awmod                             text27       0130
___awmod@counter                     cstackCOMMON 0075
___awmod@dividend                    cstackCOMMON 0072
___awmod@divisor                     cstackCOMMON 0070
___awmod@sign                        cstackCOMMON 0076
___bmul                              text14       02C8
___bmul@multiplicand                 cstackBANK0  0024
___bmul@multiplier                   cstackBANK0  0027
___bmul@product                      cstackBANK0  0026
___int_sp                            stack        0000
___latbits                           (abs)        0000
___sp                                stack        0000
___stackhi                           (abs)        0000
___stacklo                           (abs)        0000
__end_of_ComControl_Main             text11       0318
__end_of_ComControl_Monitor_Time     text25       0324
__end_of_ComControl_OffTime          text13       0219
__end_of_ComControl_OnTime           text12       0270
__end_of_Digits                      strings      02FC
__end_of_ISR                         text15       02B5
__end_of_SetTime_Button_Handler      text23       01FA
__end_of_SetTime_Delay               text10       007C
__end_of_SetTime_For_Off             text9        0255
__end_of_SetTime_For_On              text8        0237
__end_of_SetTime_Init                text5        0289
__end_of_SetTime_Main                text7        02EC
__end_of_Seven_Seg_Disable           text4        0339
__end_of_Seven_Seg_Display           text20       00D7
__end_of_Seven_Seg_Enable            text6        033D
__end_of_Seven_Seg_Init              text3        02A1
__end_of_SysOs_Init                  text1        0334
__end_of_SysOs_Task_Eval             text26       01C5
__end_of_SysOs_Task_Exe              text16       030C
__end_of_Timer0_Interrupt_Init       text2        032F
__end_of___awdiv                     text21       0130
__end_of___awmod                     text27       017B
__end_of___bmul                      text14       02DB
__end_of__initialization             cinit        001F
__end_of__stringtab                  strings      02F2
__end_of_main                        maintext     02C8
__end_of_xTask_1000ms                text24       0343
__end_of_xTask_100ms                 text22       0341
__end_of_xTask_10ms                  text19       033F
__end_of_xTask_20ms                  text18       0347
__end_of_xTask_50ms                  text17       0346
__initialization                     cinit        0011
__pbssBANK0                          bssBANK0     002C
__pbssCOMMON                         bssCOMMON    007C
__pcstackBANK0                       cstackBANK0  0020
__pcstackCOMMON                      cstackCOMMON 0070
__pdataBANK0                         dataBANK0    0035
__pdataCOMMON                        dataCOMMON   007D
__pidataBANK0                        idataBANK0   0344
__pidataCOMMON                       idataCOMMON  0343
__pintentry                          intentry     0004
__pmaintext                          maintext     02B5
__pstrings                           strings      02EC
__ptext1                             text1        032F
__ptext10                            text10       0021
__ptext11                            text11       030C
__ptext12                            text12       0255
__ptext13                            text13       01FA
__ptext14                            text14       02C8
__ptext15                            text15       02A1
__ptext16                            text16       02FC
__ptext17                            text17       0345
__ptext18                            text18       0346
__ptext19                            text19       033D
__ptext2                             text2        0324
__ptext20                            text20       007C
__ptext21                            text21       00D7
__ptext22                            text22       033F
__ptext23                            text23       01C5
__ptext24                            text24       0341
__ptext25                            text25       0318
__ptext26                            text26       017B
__ptext27                            text27       0130
__ptext3                             text3        0289
__ptext4                             text4        0334
__ptext5                             text5        0270
__ptext6                             text6        0339
__ptext7                             text7        02DB
__ptext8                             text8        0219
__ptext9                             text9        0237
__size_of_ComControl_Main            (abs)        0000
__size_of_ComControl_Monitor_Time    (abs)        0000
__size_of_ComControl_OffTime         (abs)        0000
__size_of_ComControl_OnTime          (abs)        0000
__size_of_ISR                        (abs)        0000
__size_of_SetTime_Button_Handler     (abs)        0000
__size_of_SetTime_Delay              (abs)        0000
__size_of_SetTime_For_Off            (abs)        0000
__size_of_SetTime_For_On             (abs)        0000
__size_of_SetTime_Init               (abs)        0000
__size_of_SetTime_Main               (abs)        0000
__size_of_Seven_Seg_Disable          (abs)        0000
__size_of_Seven_Seg_Display          (abs)        0000
__size_of_Seven_Seg_Enable           (abs)        0000
__size_of_Seven_Seg_Init             (abs)        0000
__size_of_SysOs_Init                 (abs)        0000
__size_of_SysOs_Task_Eval            (abs)        0000
__size_of_SysOs_Task_Exe             (abs)        0000
__size_of_Timer0_Interrupt_Init      (abs)        0000
__size_of___awdiv                    (abs)        0000
__size_of___awmod                    (abs)        0000
__size_of___bmul                     (abs)        0000
__size_of_main                       (abs)        0000
__size_of_xTask_1000ms               (abs)        0000
__size_of_xTask_100ms                (abs)        0000
__size_of_xTask_10ms                 (abs)        0000
__size_of_xTask_20ms                 (abs)        0000
__size_of_xTask_50ms                 (abs)        0000
__stringbase                         strings      02F1
__stringtab                          strings      02EC
_main                                maintext     02B5
_xTask_1000ms                        text24       0341
_xTask_100ms                         text22       033F
_xTask_10ms                          text19       033D
_xTask_20ms                          text18       0346
_xTask_50ms                          text17       0345
btemp                                (abs)        007E
end_of_initialization                cinit        001F
interrupt_function                   intentry     0004
intlevel0                            functab      0000
intlevel1                            functab      0000
intlevel2                            functab      0000
intlevel3                            functab      0000
intlevel4                            functab      0000
intlevel5                            functab      0000
reset_vec                            reset_vec    0000
saved_w                              (abs)        007E
start                                init         0010
start_initialization                 cinit        0011
wtemp0                               (abs)        007E


FUNCTION INFORMATION:

 *************** function _main *****************
 Defined at:
		line 39 in file "../src/src.c"
 Parameters:    Size  Location     Type
		None
 Auto vars:     Size  Location     Type
		None
 Return value:  Size  Location     Type
                  1    wreg      void 
 Registers used:
		wreg, status,2, status,0, pclath, cstack
 Tracked objects:
		On entry : 
		On exit  : 
		Unchanged: 
 Data sizes:     COMMON   BANK0   BANK1   BANK2
      Params:         0       0       0       0
      Locals:         0       0       0       0
      Temps:          0       0       0       0
      Totals:         0       0       0       0
Total ram usage:        0 bytes
 Hardware stack levels required when called:    8
 This function calls:
		_ComControl_Main
		_SetTime_Main
		_Seven_Seg_Enable
		_SysOs_Init
 This function is called by:
		Startup code after reset
 This function uses a non-reentrant model


 *************** function _SysOs_Init *****************
 Defined at:
		line 16 in file "../core/sysos/src/sys_os.c"
 Parameters:    Size  Location     Type
		None
 Auto vars:     Size  Location     Type
		None
 Return value:  Size  Location     Type
                  1    wreg      void 
 Registers used:
		wreg, status,2, status,0, pclath, cstack
 Tracked objects:
		On entry : 
		On exit  : 
		Unchanged: 
 Data sizes:     COMMON   BANK0   BANK1   BANK2
      Params:         0       0       0       0
      Locals:         0       0       0       0
      Temps:          0       0       0       0
      Totals:         0       0       0       0
Total ram usage:        0 bytes
 Hardware stack levels used:    1
 Hardware stack levels required when called:    6
 This function calls:
		_SetTime_Init
		_Seven_Seg_Disable
		_Seven_Seg_Init
		_Timer0_Interrupt_Init
 This function is called by:
		_main
 This function uses a non-reentrant model


 *************** function _Timer0_Interrupt_Init *****************
 Defined at:
		line 43 in file "../core/pic628a/timer/src/timer.c"
 Parameters:    Size  Location     Type
		None
 Auto vars:     Size  Location     Type
		None
 Return value:  Size  Location     Type
                  1    wreg      void 
 Registers used:
		wreg
 Tracked objects:
		On entry : 
		On exit  : 
		Unchanged: 
 Data sizes:     COMMON   BANK0   BANK1   BANK2
      Params:         0       0       0       0
      Locals:         0       0       0       0
      Temps:          0       0       0       0
      Totals:         0       0       0       0
Total ram usage:        0 bytes
 Hardware stack levels used:    1
 Hardware stack levels required when called:    5
 This function calls:
		Nothing
 This function is called by:
		_SysOs_Init
 This function uses a non-reentrant model


 *************** function _Seven_Seg_Init *****************
 Defined at:
		line 62 in file "../core/base/seven_seg/src/seven_seg.c"
 Parameters:    Size  Location     Type
		None
 Auto vars:     Size  Location     Type
		None
 Return value:  Size  Location     Type
                  1    wreg      void 
 Registers used:
		wreg, status,2, status,0
 Tracked objects:
		On entry : 
		On exit  : 
		Unchanged: 
 Data sizes:     COMMON   BANK0   BANK1   BANK2
      Params:         0       0       0       0
      Locals:         0       0       0       0
      Temps:          0       1       0       0
      Totals:         0       1       0       0
Total ram usage:        1 bytes
 Hardware stack levels used:    1
 Hardware stack levels required when called:    5
 This function calls:
		Nothing
 This function is called by:
		_SysOs_Init
 This function uses a non-reentrant model


 *************** function _Seven_Seg_Disable *****************
 Defined at:
		line 54 in file "../core/base/seven_seg/src/seven_seg.c"
 Parameters:    Size  Location     Type
		None
 Auto vars:     Size  Location     Type
		None
 Return value:  Size  Location     Type
                  1    wreg      void 
 Registers used:
		status,2
 Tracked objects:
		On entry : 
		On exit  : 
		Unchanged: 
 Data sizes:     COMMON   BANK0   BANK1   BANK2
      Params:         0       0       0       0
      Locals:         0       0       0       0
      Temps:          0       0       0       0
      Totals:         0       0       0       0
Total ram usage:        0 bytes
 Hardware stack levels used:    1
 Hardware stack levels required when called:    5
 This function calls:
		Nothing
 This function is called by:
		_SysOs_Init
 This function uses a non-reentrant model


 *************** function _SetTime_Init *****************
 Defined at:
		line 14 in file "../core/base/com_control/src/com_control.c"
 Parameters:    Size  Location     Type
		None
 Auto vars:     Size  Location     Type
		None
 Return value:  Size  Location     Type
                  1    wreg      void 
 Registers used:
		wreg, status,2, status,0
 Tracked objects:
		On entry : 
		On exit  : 
		Unchanged: 
 Data sizes:     COMMON   BANK0   BANK1   BANK2
      Params:         0       0       0       0
      Locals:         0       0       0       0
      Temps:          0       1       0       0
      Totals:         0       1       0       0
Total ram usage:        1 bytes
 Hardware stack levels used:    1
 Hardware stack levels required when called:    5
 This function calls:
		Nothing
 This function is called by:
		_SysOs_Init
 This function uses a non-reentrant model


 *************** function _Seven_Seg_Enable *****************
 Defined at:
		line 49 in file "../core/base/seven_seg/src/seven_seg.c"
 Parameters:    Size  Location     Type
		None
 Auto vars:     Size  Location     Type
		None
 Return value:  Size  Location     Type
                  1    wreg      void 
 Registers used:
		None
 Tracked objects:
		On entry : 
		On exit  : 
		Unchanged: 
 Data sizes:     COMMON   BANK0   BANK1   BANK2
      Params:         0       0       0       0
      Locals:         0       0       0       0
      Temps:          0       0       0       0
      Totals:         0       0       0       0
Total ram usage:        0 bytes
 Hardware stack levels used:    1
 Hardware stack levels required when called:    5
 This function calls:
		Nothing
 This function is called by:
		_main
 This function uses a non-reentrant model


 *************** function _SetTime_Main *****************
 Defined at:
		line 155 in file "../core/base/com_control/src/com_control.c"
 Parameters:    Size  Location     Type
		None
 Auto vars:     Size  Location     Type
		None
 Return value:  Size  Location     Type
                  1    wreg      void 
 Registers used:
		wreg, status,2, status,0, pclath, cstack
 Tracked objects:
		On entry : 
		On exit  : 
		Unchanged: 
 Data sizes:     COMMON   BANK0   BANK1   BANK2
      Params:         0       0       0       0
      Locals:         0       0       0       0
      Temps:          0       1       0       0
      Totals:         0       1       0       0
Total ram usage:        1 bytes
 Hardware stack levels used:    1
 Hardware stack levels required when called:    7
 This function calls:
		_SetTime_For_Off
		_SetTime_For_On
 This function is called by:
		_main
 This function uses a non-reentrant model


 *************** function _SetTime_For_On *****************
 Defined at:
		line 123 in file "../core/base/com_control/src/com_control.c"
 Parameters:    Size  Location     Type
		None
 Auto vars:     Size  Location     Type
		None
 Return value:  Size  Location     Type
                  1    wreg      void 
 Registers used:
		wreg, status,2, status,0, pclath, cstack
 Tracked objects:
		On entry : 
		On exit  : 
		Unchanged: 
 Data sizes:     COMMON   BANK0   BANK1   BANK2
      Params:         0       0       0       0
      Locals:         0       0       0       0
      Temps:          0       1       0       0
      Totals:         0       1       0       0
Total ram usage:        1 bytes
 Hardware stack levels used:    1
 Hardware stack levels required when called:    6
 This function calls:
		_SetTime_Delay
 This function is called by:
		_SetTime_Main
 This function uses a non-reentrant model


 *************** function _SetTime_For_Off *****************
 Defined at:
		line 139 in file "../core/base/com_control/src/com_control.c"
 Parameters:    Size  Location     Type
		None
 Auto vars:     Size  Location     Type
		None
 Return value:  Size  Location     Type
                  1    wreg      void 
 Registers used:
		wreg, status,2, status,0, pclath, cstack
 Tracked objects:
		On entry : 
		On exit  : 
		Unchanged: 
 Data sizes:     COMMON   BANK0   BANK1   BANK2
      Params:         0       0       0       0
      Locals:         0       0       0       0
      Temps:          0       1       0       0
      Totals:         0       1       0       0
Total ram usage:        1 bytes
 Hardware stack levels used:    1
 Hardware stack levels required when called:    6
 This function calls:
		_SetTime_Delay
 This function is called by:
		_SetTime_Main
 This function uses a non-reentrant model


 *************** function _SetTime_Delay *****************
 Defined at:
		line 88 in file "../core/base/com_control/src/com_control.c"
 Parameters:    Size  Location     Type
  Limit_Upr       1    wreg     unsigned char 
  Limit_Lwr       1    4[BANK0 ] unsigned char 
 Auto vars:     Size  Location     Type
  Limit_Upr       1    7[BANK0 ] unsigned char 
  temp            2    8[BANK0 ] unsigned int 
 Return value:  Size  Location     Type
                  1    wreg      void 
 Registers used:
		wreg, status,2
 Tracked objects:
		On entry : 
		On exit  : 
		Unchanged: 
 Data sizes:     COMMON   BANK0   BANK1   BANK2
      Params:         0       1       0       0
      Locals:         0       3       0       0
      Temps:          0       2       0       0
      Totals:         0       6       0       0
Total ram usage:        6 bytes
 Hardware stack levels used:    1
 Hardware stack levels required when called:    5
 This function calls:
		Nothing
 This function is called by:
		_SetTime_For_On
		_SetTime_For_Off
 This function uses a non-reentrant model


 *************** function _ComControl_Main *****************
 Defined at:
		line 214 in file "../core/base/com_control/src/com_control.c"
 Parameters:    Size  Location     Type
		None
 Auto vars:     Size  Location     Type
		None
 Return value:  Size  Location     Type
                  1    wreg      void 
 Registers used:
		wreg, status,2, status,0, pclath, cstack
 Tracked objects:
		On entry : 
		On exit  : 
		Unchanged: 
 Data sizes:     COMMON   BANK0   BANK1   BANK2
      Params:         0       0       0       0
      Locals:         0       0       0       0
      Temps:          0       1       0       0
      Totals:         0       1       0       0
Total ram usage:        1 bytes
 Hardware stack levels used:    1
 Hardware stack levels required when called:    7
 This function calls:
		_ComControl_OffTime
		_ComControl_OnTime
 This function is called by:
		_main
 This function uses a non-reentrant model


 *************** function _ComControl_OnTime *****************
 Defined at:
		line 171 in file "../core/base/com_control/src/com_control.c"
 Parameters:    Size  Location     Type
		None
 Auto vars:     Size  Location     Type
		None
 Return value:  Size  Location     Type
                  1    wreg      void 
 Registers used:
		wreg, status,2, status,0
 Tracked objects:
		On entry : 
		On exit  : 
		Unchanged: 
 Data sizes:     COMMON   BANK0   BANK1   BANK2
      Params:         0       0       0       0
      Locals:         0       0       0       0
      Temps:          0       1       0       0
      Totals:         0       1       0       0
Total ram usage:        1 bytes
 Hardware stack levels used:    1
 Hardware stack levels required when called:    5
 This function calls:
		Nothing
 This function is called by:
		_ComControl_Main
 This function uses a non-reentrant model


 *************** function _ComControl_OffTime *****************
 Defined at:
		line 190 in file "../core/base/com_control/src/com_control.c"
 Parameters:    Size  Location     Type
		None
 Auto vars:     Size  Location     Type
		None
 Return value:  Size  Location     Type
                  1    wreg      void 
 Registers used:
		wreg, status,2, status,0, pclath, cstack
 Tracked objects:
		On entry : 
		On exit  : 
		Unchanged: 
 Data sizes:     COMMON   BANK0   BANK1   BANK2
      Params:         0       0       0       0
      Locals:         0       0       0       0
      Temps:          0       2       0       0
      Totals:         0       2       0       0
Total ram usage:        2 bytes
 Hardware stack levels used:    1
 Hardware stack levels required when called:    6
 This function calls:
		___bmul
 This function is called by:
		_ComControl_Main
 This function uses a non-reentrant model


 *************** function ___bmul *****************
 Defined at:
		line 4 in file "C:\Program Files\Microchip\xc8\v2.05\pic\sources\c90\common\Umul8.c"
 Parameters:    Size  Location     Type
  multiplier      1    wreg     unsigned char 
  multiplicand    1    4[BANK0 ] unsigned char 
 Auto vars:     Size  Location     Type
  multiplier      1    7[BANK0 ] unsigned char 
  product         1    6[BANK0 ] unsigned char 
 Return value:  Size  Location     Type
                  1    wreg      unsigned char 
 Registers used:
		wreg, status,2, status,0
 Tracked objects:
		On entry : 
		On exit  : 
		Unchanged: 
 Data sizes:     COMMON   BANK0   BANK1   BANK2
      Params:         0       1       0       0
      Locals:         0       2       0       0
      Temps:          0       1       0       0
      Totals:         0       4       0       0
Total ram usage:        4 bytes
 Hardware stack levels used:    1
 Hardware stack levels required when called:    5
 This function calls:
		Nothing
 This function is called by:
		_ComControl_OffTime
 This function uses a non-reentrant model


 *************** function _ISR *****************
 Defined at:
		line 27 in file "../src/src.c"
 Parameters:    Size  Location     Type
		None
 Auto vars:     Size  Location     Type
		None
 Return value:  Size  Location     Type
                  1    wreg      void 
 Registers used:
		wreg, fsr0l, fsr0h, status,2, status,0, pclath, cstack
 Tracked objects:
		On entry : 
		On exit  : 
		Unchanged: 
 Data sizes:     COMMON   BANK0   BANK1   BANK2
      Params:         0       0       0       0
      Locals:         0       0       0       0
      Temps:          0       4       0       0
      Totals:         0       4       0       0
Total ram usage:        4 bytes
 Hardware stack levels used:    1
 Hardware stack levels required when called:    4
 This function calls:
		_SysOs_Task_Eval
		_SysOs_Task_Exe
 This function is called by:
		Interrupt level 1
 This function uses a non-reentrant model


 *************** function _SysOs_Task_Exe *****************
 Defined at:
		line 73 in file "../core/sysos/src/sys_os.c"
 Parameters:    Size  Location     Type
		None
 Auto vars:     Size  Location     Type
		None
 Return value:  Size  Location     Type
                  1    wreg      void 
 Registers used:
		wreg, fsr0l, fsr0h, status,2, status,0, pclath, cstack
 Tracked objects:
		On entry : 
		On exit  : 
		Unchanged: 
 Data sizes:     COMMON   BANK0   BANK1   BANK2
      Params:         0       0       0       0
      Locals:         0       0       0       0
      Temps:          0       0       0       0
      Totals:         0       0       0       0
Total ram usage:        0 bytes
 Hardware stack levels used:    1
 Hardware stack levels required when called:    3
 This function calls:
		_xTask_1000ms
		_xTask_100ms
		_xTask_10ms
		_xTask_20ms
		_xTask_50ms
 This function is called by:
		_ISR
 This function uses a non-reentrant model


 *************** function _xTask_50ms *****************
 Defined at:
		line 58 in file "../core/sysos/src/sys_os.c"
 Parameters:    Size  Location     Type
		None
 Auto vars:     Size  Location     Type
		None
 Return value:  Size  Location     Type
                  1    wreg      void 
 Registers used:
		None
 Tracked objects:
		On entry : 
		On exit  : 
		Unchanged: 
 Data sizes:     COMMON   BANK0   BANK1   BANK2
      Params:         0       0       0       0
      Locals:         0       0       0       0
      Temps:          0       0       0       0
      Totals:         0       0       0       0
Total ram usage:        0 bytes
 Hardware stack levels used:    1
 This function calls:
		Nothing
 This function is called by:
		_SysOs_Task_Exe
 This function uses a non-reentrant model


 *************** function _xTask_20ms *****************
 Defined at:
		line 53 in file "../core/sysos/src/sys_os.c"
 Parameters:    Size  Location     Type
		None
 Auto vars:     Size  Location     Type
		None
 Return value:  Size  Location     Type
                  1    wreg      void 
 Registers used:
		None
 Tracked objects:
		On entry : 
		On exit  : 
		Unchanged: 
 Data sizes:     COMMON   BANK0   BANK1   BANK2
      Params:         0       0       0       0
      Locals:         0       0       0       0
      Temps:          0       0       0       0
      Totals:         0       0       0       0
Total ram usage:        0 bytes
 Hardware stack levels used:    1
 This function calls:
		Nothing
 This function is called by:
		_SysOs_Task_Exe
 This function uses a non-reentrant model


 *************** function _xTask_10ms *****************
 Defined at:
		line 48 in file "../core/sysos/src/sys_os.c"
 Parameters:    Size  Location     Type
		None
 Auto vars:     Size  Location     Type
		None
 Return value:  Size  Location     Type
                  1    wreg      void 
 Registers used:
		wreg, fsr0l, fsr0h, status,2, status,0, pclath, cstack
 Tracked objects:
		On entry : 
		On exit  : 
		Unchanged: 
 Data sizes:     COMMON   BANK0   BANK1   BANK2
      Params:         0       0       0       0
      Locals:         0       0       0       0
      Temps:          0       0       0       0
      Totals:         0       0       0       0
Total ram usage:        0 bytes
 Hardware stack levels used:    1
 Hardware stack levels required when called:    2
 This function calls:
		_Seven_Seg_Display
 This function is called by:
		_SysOs_Task_Exe
 This function uses a non-reentrant model


 *************** function _Seven_Seg_Display *****************
 Defined at:
		line 8 in file "../core/base/seven_seg/src/seven_seg.c"
 Parameters:    Size  Location     Type
		None
 Auto vars:     Size  Location     Type
		None
 Return value:  Size  Location     Type
                  1    wreg      void 
 Registers used:
		wreg, fsr0l, fsr0h, status,2, status,0, pclath, cstack
 Tracked objects:
		On entry : 
		On exit  : 
		Unchanged: 
 Data sizes:     COMMON   BANK0   BANK1   BANK2
      Params:         0       0       0       0
      Locals:         0       0       0       0
      Temps:          3       0       0       0
      Totals:         3       0       0       0
Total ram usage:        3 bytes
 Hardware stack levels used:    1
 Hardware stack levels required when called:    1
 This function calls:
		___awdiv
		___awmod
 This function is called by:
		_xTask_10ms
 This function uses a non-reentrant model


 *************** function ___awdiv *****************
 Defined at:
		line 5 in file "C:\Program Files\Microchip\xc8\v2.05\pic\sources\c90\common\awdiv.c"
 Parameters:    Size  Location     Type
  divisor         2    0[COMMON] int 
  dividend        2    2[COMMON] int 
 Auto vars:     Size  Location     Type
  quotient        2    7[COMMON] int 
  sign            1    6[COMMON] unsigned char 
  counter         1    5[COMMON] unsigned char 
 Return value:  Size  Location     Type
                  2    0[COMMON] int 
 Registers used:
		wreg, status,2, status,0
 Tracked objects:
		On entry : 
		On exit  : 
		Unchanged: 
 Data sizes:     COMMON   BANK0   BANK1   BANK2
      Params:         4       0       0       0
      Locals:         4       0       0       0
      Temps:          1       0       0       0
      Totals:         9       0       0       0
Total ram usage:        9 bytes
 Hardware stack levels used:    1
 This function calls:
		Nothing
 This function is called by:
		_Seven_Seg_Display
 This function uses a non-reentrant model


 *************** function _xTask_100ms *****************
 Defined at:
		line 63 in file "../core/sysos/src/sys_os.c"
 Parameters:    Size  Location     Type
		None
 Auto vars:     Size  Location     Type
		None
 Return value:  Size  Location     Type
                  1    wreg      void 
 Registers used:
		wreg, fsr0l, fsr0h, status,2, status,0, pclath, cstack
 Tracked objects:
		On entry : 
		On exit  : 
		Unchanged: 
 Data sizes:     COMMON   BANK0   BANK1   BANK2
      Params:         0       0       0       0
      Locals:         0       0       0       0
      Temps:          0       0       0       0
      Totals:         0       0       0       0
Total ram usage:        0 bytes
 Hardware stack levels used:    1
 Hardware stack levels required when called:    1
 This function calls:
		_SetTime_Button_Handler
 This function is called by:
		_SysOs_Task_Exe
 This function uses a non-reentrant model


 *************** function _SetTime_Button_Handler *****************
 Defined at:
		line 35 in file "../core/base/com_control/src/com_control.c"
 Parameters:    Size  Location     Type
		None
 Auto vars:     Size  Location     Type
		None
 Return value:  Size  Location     Type
                  1    wreg      void 
 Registers used:
		wreg, fsr0l, fsr0h, status,2, status,0
 Tracked objects:
		On entry : 
		On exit  : 
		Unchanged: 
 Data sizes:     COMMON   BANK0   BANK1   BANK2
      Params:         0       0       0       0
      Locals:         0       0       0       0
      Temps:          2       0       0       0
      Totals:         2       0       0       0
Total ram usage:        2 bytes
 Hardware stack levels used:    1
 This function calls:
		Nothing
 This function is called by:
		_xTask_100ms
 This function uses a non-reentrant model


 *************** function _xTask_1000ms *****************
 Defined at:
		line 68 in file "../core/sysos/src/sys_os.c"
 Parameters:    Size  Location     Type
		None
 Auto vars:     Size  Location     Type
		None
 Return value:  Size  Location     Type
                  1    wreg      void 
 Registers used:
		wreg, status,2, status,0, pclath, cstack
 Tracked objects:
		On entry : 
		On exit  : 
		Unchanged: 
 Data sizes:     COMMON   BANK0   BANK1   BANK2
      Params:         0       0       0       0
      Locals:         0       0       0       0
      Temps:          0       0       0       0
      Totals:         0       0       0       0
Total ram usage:        0 bytes
 Hardware stack levels used:    1
 Hardware stack levels required when called:    1
 This function calls:
		_ComControl_Monitor_Time
 This function is called by:
		_SysOs_Task_Exe
 This function uses a non-reentrant model


 *************** function _ComControl_Monitor_Time *****************
 Defined at:
		line 206 in file "../core/base/com_control/src/com_control.c"
 Parameters:    Size  Location     Type
		None
 Auto vars:     Size  Location     Type
		None
 Return value:  Size  Location     Type
                  1    wreg      void 
 Registers used:
		wreg, status,2, status,0
 Tracked objects:
		On entry : 
		On exit  : 
		Unchanged: 
 Data sizes:     COMMON   BANK0   BANK1   BANK2
      Params:         0       0       0       0
      Locals:         0       0       0       0
      Temps:          1       0       0       0
      Totals:         1       0       0       0
Total ram usage:        1 bytes
 Hardware stack levels used:    1
 This function calls:
		Nothing
 This function is called by:
		_xTask_1000ms
 This function uses a non-reentrant model


 *************** function _SysOs_Task_Eval *****************
 Defined at:
		line 28 in file "../core/sysos/src/sys_os.c"
 Parameters:    Size  Location     Type
		None
 Auto vars:     Size  Location     Type
		None
 Return value:  Size  Location     Type
                  1    wreg      void 
 Registers used:
		wreg, status,2, status,0, pclath, cstack
 Tracked objects:
		On entry : 
		On exit  : 
		Unchanged: 
 Data sizes:     COMMON   BANK0   BANK1   BANK2
      Params:         0       0       0       0
      Locals:         0       0       0       0
      Temps:          2       0       0       0
      Totals:         2       0       0       0
Total ram usage:        2 bytes
 Hardware stack levels used:    1
 Hardware stack levels required when called:    1
 This function calls:
		___awmod
 This function is called by:
		_ISR
 This function uses a non-reentrant model


 *************** function ___awmod *****************
 Defined at:
		line 5 in file "C:\Program Files\Microchip\xc8\v2.05\pic\sources\c90\common\awmod.c"
 Parameters:    Size  Location     Type
  divisor         2    0[COMMON] int 
  dividend        2    2[COMMON] int 
 Auto vars:     Size  Location     Type
  sign            1    6[COMMON] unsigned char 
  counter         1    5[COMMON] unsigned char 
 Return value:  Size  Location     Type
                  2    0[COMMON] int 
 Registers used:
		wreg, status,2, status,0
 Tracked objects:
		On entry : 
		On exit  : 
		Unchanged: 
 Data sizes:     COMMON   BANK0   BANK1   BANK2
      Params:         4       0       0       0
      Locals:         2       0       0       0
      Temps:          1       0       0       0
      Totals:         7       0       0       0
Total ram usage:        7 bytes
 Hardware stack levels used:    1
 This function calls:
		Nothing
 This function is called by:
		_Seven_Seg_Display
		_SysOs_Task_Eval
 This function uses a non-reentrant model



MODULE INFORMATION

Module		Function		Class		Link	Load	Size
C:\Program Files\Microchip\xc8\v2.05\pic\sources\c90\common\awmod.c
		___awmod       		CODE           	0130	0000	76

C:\Program Files\Microchip\xc8\v2.05\pic\sources\c90\common\awmod.c estimated size: 76

../src/src.c
		_ISR           		CODE           	02A1	0000	21
		_main          		CODE           	02B5	0000	20

../src/src.c estimated size: 41

../core/base/seven_seg/src/seven_seg.c
		_Seven_Seg_Enable		CODE           	0339	0000	5
		_Seven_Seg_Disable		CODE           	0334	0000	6
		_Seven_Seg_Init		CODE           	0289	0000	25
		_Seven_Seg_Display		CODE           	007C	0000	92

../core/base/seven_seg/src/seven_seg.c estimated size: 128

../core/sysos/src/sys_os.c
		_xTask_10ms    		CODE           	033D	0000	3
		_xTask_100ms   		CODE           	033F	0000	3
		_xTask_1000ms  		CODE           	0341	0000	3
		_SysOs_Task_Eval		CODE           	017B	0000	75
		_xTask_20ms    		CODE           	0346	0000	2
		_xTask_50ms    		CODE           	0345	0000	2
		_SysOs_Task_Exe		CODE           	02FC	0000	17
		_SysOs_Init    		CODE           	032F	0000	6

../core/sysos/src/sys_os.c estimated size: 111

C:\Program Files\Microchip\xc8\v2.05\pic\sources\c90\common\awdiv.c
		___awdiv       		CODE           	00D7	0000	90

C:\Program Files\Microchip\xc8\v2.05\pic\sources\c90\common\awdiv.c estimated size: 90

shared
		_Digits        		STRING         	02F2	0000	11
		__stringtab    		STRING         	02EC	0000	7
		__initialization		CODE           	0011	0000	15

shared estimated size: 33

C:\Program Files\Microchip\xc8\v2.05\pic\sources\c90\common\Umul8.c
		___bmul        		CODE           	02C8	0000	20

C:\Program Files\Microchip\xc8\v2.05\pic\sources\c90\common\Umul8.c estimated size: 20

../core/base/com_control/src/com_control.c
		_SetTime_Main  		CODE           	02DB	0000	18
		_SetTime_Init  		CODE           	0270	0000	26
		_SetTime_Delay 		CODE           	0021	0000	92
		_ComControl_Monitor_Time		CODE           	0318	0000	13
		_ComControl_OnTime		CODE           	0255	0000	28
		_SetTime_For_On		CODE           	0219	0000	31
		_ComControl_OffTime		CODE           	01FA	0000	32
		_SetTime_Button_Handler		CODE           	01C5	0000	54
		_SetTime_For_Off		CODE           	0237	0000	31
		_ComControl_Main		CODE           	030C	0000	13

../core/base/com_control/src/com_control.c estimated size: 338

../core/pic628a/timer/src/timer.c
		_Timer0_Interrupt_Init		CODE           	0324	0000	12

../core/pic628a/timer/src/timer.c estimated size: 12

